// Jest Snapshot v1, https://goo.gl/fbAQLP

exports[`Options with unknown template throws 1`] = `"The template directory must contain a configuration file \`.template.js\` or must be one of those: Angular InstantSearch, Autocomplete.js, InstantSearch Android, InstantSearch iOS, InstantSearch.js, JavaScript Client, React InstantSearch, React InstantSearch Native, Vue InstantSearch"`;

exports[`Options with unvalid name throws 1`] = `
"Could not create a project called \\"[31m./WrongNpmName[39m\\" because of npm naming restrictions.
  - name cannot start with a period
  - name can only contain URL-friendly characters"
`;

exports[`Options with wrong template path throws 1`] = `"The template directory must contain a configuration file \`.template.js\` or must be one of those: Angular InstantSearch, Autocomplete.js, InstantSearch Android, InstantSearch iOS, InstantSearch.js, JavaScript Client, React InstantSearch, React InstantSearch Native, Vue InstantSearch"`;

exports[`Options without path throws 1`] = `"The option \`path\` is required."`;

exports[`Options without template throws 1`] = `"The template directory must contain a configuration file \`.template.js\` or must be one of those: Angular InstantSearch, Autocomplete.js, InstantSearch Android, InstantSearch iOS, InstantSearch.js, JavaScript Client, React InstantSearch, React InstantSearch Native, Vue InstantSearch"`;
