// Jest Snapshot v1, https://goo.gl/fbAQLP

exports[`Options with unknown template throws 1`] = `"The option \`template\` must be one of these: Angular InstantSearch, InstantSearch.js, React InstantSearch, Vue InstantSearch."`;

exports[`Options with unvalid name 1`] = `
"Could not create a project called \\"[31m./WrongNpmName[39m\\" because of npm naming restrictions.
  - name cannot start with a period
  - name can only contain URL-friendly characters"
`;

exports[`Options without path throws 1`] = `"The option \`path\` is required."`;

exports[`Options without template throws 1`] = `"The option \`template\` must be one of these: Angular InstantSearch, InstantSearch.js, React InstantSearch, Vue InstantSearch."`;
